127.0.0.1 - - [19/Oct/2020:11:01:18 +0900] "GET / HTTP/1.1" 404 807
0:0:0:0:0:0:0:1 - - [19/Oct/2020:11:01:20 +0900] "GET /day2/currentTime.html HTTP/1.1" 200 517
0:0:0:0:0:0:0:1 - - [19/Oct/2020:11:01:23 +0900] "GET /favicon.ico HTTP/1.1" 404 818
127.0.0.1 - - [19/Oct/2020:11:04:01 +0900] "GET / HTTP/1.1" 404 807
0:0:0:0:0:0:0:1 - - [19/Oct/2020:11:04:02 +0900] "GET /day2/currentTime.html HTTP/1.1" 200 549
127.0.0.1 - - [19/Oct/2020:11:05:21 +0900] "GET / HTTP/1.1" 404 807
0:0:0:0:0:0:0:1 - - [19/Oct/2020:11:05:23 +0900] "GET /day2/currentTime.html HTTP/1.1" 200 547
0:0:0:0:0:0:0:1 - - [19/Oct/2020:11:05:23 +0900] "GET /favicon.ico HTTP/1.1" 404 818
127.0.0.1 - - [19/Oct/2020:11:05:57 +0900] "GET / HTTP/1.1" 404 807
0:0:0:0:0:0:0:1 - - [19/Oct/2020:11:05:58 +0900] "GET /day2/currentTime.html HTTP/1.1" 200 565
0:0:0:0:0:0:0:1 - - [19/Oct/2020:11:05:58 +0900] "GET /favicon.ico HTTP/1.1" 404 818
127.0.0.1 - - [19/Oct/2020:11:15:53 +0900] "GET / HTTP/1.1" 404 807
0:0:0:0:0:0:0:1 - - [19/Oct/2020:11:15:54 +0900] "GET /day2/currentTime.html HTTP/1.1" 200 606
0:0:0:0:0:0:0:1 - - [19/Oct/2020:11:16:10 +0900] "GET /day2/currentTime.html HTTP/1.1" 304 -
0:0:0:0:0:0:0:1 - - [19/Oct/2020:11:17:21 +0900] "GET /day2/currentTime.html HTTP/1.1" 200 599
127.0.0.1 - - [19/Oct/2020:11:18:09 +0900] "GET / HTTP/1.1" 404 807
0:0:0:0:0:0:0:1 - - [19/Oct/2020:11:18:09 +0900] "GET /day2/currentTime.html HTTP/1.1" 200 600
0:0:0:0:0:0:0:1 - - [19/Oct/2020:11:18:54 +0900] "GET /day2/currentTime.html HTTP/1.1" 200 609
127.0.0.1 - - [19/Oct/2020:12:18:52 +0900] "GET / HTTP/1.1" 404 807
0:0:0:0:0:0:0:1 - - [19/Oct/2020:12:18:53 +0900] "GET /day2/currentTime2.html HTTP/1.1" 200 565
0:0:0:0:0:0:0:1 - - [19/Oct/2020:12:19:13 +0900] "GET /day2/currentTime2.html HTTP/1.1" 200 571
127.0.0.1 - - [19/Oct/2020:12:20:33 +0900] "GET / HTTP/1.1" 404 807
0:0:0:0:0:0:0:1 - - [19/Oct/2020:12:20:33 +0900] "GET /day2/currentTime2.html HTTP/1.1" 200 467
0:0:0:0:0:0:0:1 - - [19/Oct/2020:12:21:00 +0900] "GET /day2/currentTime2.html HTTP/1.1" 304 -
0:0:0:0:0:0:0:1 - - [19/Oct/2020:12:21:11 +0900] "GET /day2/currentTime2.html HTTP/1.1" 304 -
192.168.0.38 - - [19/Oct/2020:12:22:56 +0900] "GET /day2/currentTime2.html HTTP/1.1" 200 467
192.168.0.38 - - [19/Oct/2020:12:22:56 +0900] "GET /favicon.ico HTTP/1.1" 404 818
192.168.0.251 - - [19/Oct/2020:12:24:20 +0900] "GET /day2/currentTime2.html HTTP/1.1" 200 467
192.168.0.251 - - [19/Oct/2020:12:24:20 +0900] "GET /favicon.ico HTTP/1.1" 404 818
127.0.0.1 - - [19/Oct/2020:12:31:09 +0900] "GET / HTTP/1.1" 404 807
0:0:0:0:0:0:0:1 - - [19/Oct/2020:12:31:09 +0900] "GET /day2/currentTime3.html HTTP/1.1" 200 548
0:0:0:0:0:0:0:1 - - [19/Oct/2020:12:32:36 +0900] "GET /day2/currentTime3.html HTTP/1.1" 200 515
0:0:0:0:0:0:0:1 - - [19/Oct/2020:12:33:00 +0900] "GET /day2/currentTime3.html HTTP/1.1" 200 515
127.0.0.1 - - [19/Oct/2020:12:33:21 +0900] "GET / HTTP/1.1" 404 807
0:0:0:0:0:0:0:1 - - [19/Oct/2020:12:33:21 +0900] "GET /day2/currentTime3.html HTTP/1.1" 200 509
0:0:0:0:0:0:0:1 - - [19/Oct/2020:12:33:28 +0900] "GET /day2/currentTime3.html HTTP/1.1" 304 -
0:0:0:0:0:0:0:1 - - [19/Oct/2020:12:33:29 +0900] "GET /day2/currentTime3.html HTTP/1.1" 304 -
127.0.0.1 - - [19/Oct/2020:12:33:43 +0900] "GET / HTTP/1.1" 404 807
0:0:0:0:0:0:0:1 - - [19/Oct/2020:12:33:43 +0900] "GET /day2/currentTime3.html HTTP/1.1" 200 515
0:0:0:0:0:0:0:1 - - [19/Oct/2020:12:33:47 +0900] "GET /day2/currentTime3.html HTTP/1.1" 304 -
0:0:0:0:0:0:0:1 - - [19/Oct/2020:12:33:48 +0900] "GET /day2/currentTime3.html HTTP/1.1" 304 -
0:0:0:0:0:0:0:1 - - [19/Oct/2020:12:33:48 +0900] "GET /day2/currentTime3.html HTTP/1.1" 304 -
0:0:0:0:0:0:0:1 - - [19/Oct/2020:12:33:49 +0900] "GET /day2/currentTime3.html HTTP/1.1" 304 -
0:0:0:0:0:0:0:1 - - [19/Oct/2020:12:33:49 +0900] "GET /day2/currentTime3.html HTTP/1.1" 304 -
0:0:0:0:0:0:0:1 - - [19/Oct/2020:12:33:49 +0900] "GET /day2/currentTime3.html HTTP/1.1" 304 -
0:0:0:0:0:0:0:1 - - [19/Oct/2020:12:33:49 +0900] "GET /day2/currentTime3.html HTTP/1.1" 304 -
0:0:0:0:0:0:0:1 - - [19/Oct/2020:12:33:50 +0900] "GET /day2/currentTime3.html HTTP/1.1" 304 -
0:0:0:0:0:0:0:1 - - [19/Oct/2020:12:33:50 +0900] "GET /day2/currentTime3.html HTTP/1.1" 304 -
0:0:0:0:0:0:0:1 - - [19/Oct/2020:12:33:50 +0900] "GET /day2/currentTime3.html HTTP/1.1" 304 -
0:0:0:0:0:0:0:1 - - [19/Oct/2020:12:33:50 +0900] "GET /day2/currentTime3.html HTTP/1.1" 304 -
0:0:0:0:0:0:0:1 - - [19/Oct/2020:12:33:50 +0900] "GET /day2/currentTime3.html HTTP/1.1" 304 -
0:0:0:0:0:0:0:1 - - [19/Oct/2020:12:33:51 +0900] "GET /day2/currentTime3.html HTTP/1.1" 304 -
0:0:0:0:0:0:0:1 - - [19/Oct/2020:12:33:51 +0900] "GET /day2/currentTime3.html HTTP/1.1" 304 -
192.168.0.29 - - [19/Oct/2020:12:37:19 +0900] "GET /day2/currentTime2.html HTTP/1.1" 200 525
192.168.0.29 - - [19/Oct/2020:12:37:19 +0900] "GET /favicon.ico HTTP/1.1" 404 818
127.0.0.1 - - [19/Oct/2020:13:17:21 +0900] "GET / HTTP/1.1" 404 807
0:0:0:0:0:0:0:1 - - [19/Oct/2020:13:17:22 +0900] "GET /day2/currentTimecopy.html HTTP/1.1" 200 833
127.0.0.1 - - [19/Oct/2020:15:20:03 +0900] "GET / HTTP/1.1" 404 807
0:0:0:0:0:0:0:1 - - [19/Oct/2020:15:20:04 +0900] "GET /day2/domIMGTest.html HTTP/1.1" 200 446
192.168.0.38 - - [19/Oct/2020:15:20:04 +0900] "GET /day2/wood.png HTTP/1.1" 404 824
0:0:0:0:0:0:0:1 - - [19/Oct/2020:15:21:16 +0900] "GET /day2/domIMGTest.html HTTP/1.1" 200 447
192.168.0.38 - - [19/Oct/2020:15:21:16 +0900] "GET /day2/wood.png HTTP/1.1" 404 824
0:0:0:0:0:0:0:1 - - [19/Oct/2020:15:21:36 +0900] "GET /day2/domIMGTest.html HTTP/1.1" 200 447
192.168.0.38 - - [19/Oct/2020:15:21:36 +0900] "GET /day2/wood.jpg HTTP/1.1" 200 344945
0:0:0:0:0:0:0:1 - - [19/Oct/2020:15:28:17 +0900] "GET /day2/domIMGTest.html HTTP/1.1" 200 442
192.168.0.38 - - [19/Oct/2020:15:28:17 +0900] "GET /day2/wood.jpg HTTP/1.1" 304 -
0:0:0:0:0:0:0:1 - - [19/Oct/2020:15:29:37 +0900] "GET /day2/domIMGTest.html HTTP/1.1" 200 444
192.168.0.38 - - [19/Oct/2020:15:29:37 +0900] "GET /images/cute.jpg HTTP/1.1" 200 117153
0:0:0:0:0:0:0:1 - - [19/Oct/2020:15:29:55 +0900] "GET /day2/domIMGTest.html HTTP/1.1" 200 443
192.168.0.38 - - [19/Oct/2020:15:29:55 +0900] "GET /images/mu2.jpg HTTP/1.1" 200 10155
0:0:0:0:0:0:0:1 - - [19/Oct/2020:15:32:03 +0900] "GET /day2/domIMGTest.html HTTP/1.1" 200 443
0:0:0:0:0:0:0:1 - - [19/Oct/2020:15:32:05 +0900] "GET /favicon.ico HTTP/1.1" 404 818
0:0:0:0:0:0:0:1 - - [19/Oct/2020:15:39:59 +0900] "GET /day2/domIMGTest.html HTTP/1.1" 200 502
0:0:0:0:0:0:0:1 - - [19/Oct/2020:15:39:59 +0900] "GET /favicon.ico HTTP/1.1" 404 818
0:0:0:0:0:0:0:1 - - [19/Oct/2020:15:40:14 +0900] "GET /day2/domIMGTest.html HTTP/1.1" 200 502
0:0:0:0:0:0:0:1 - - [19/Oct/2020:15:42:19 +0900] "GET /day2/domIMGTest.html HTTP/1.1" 200 580
0:0:0:0:0:0:0:1 - - [19/Oct/2020:15:42:38 +0900] "GET /day2/domIMGTest.html HTTP/1.1" 200 580
0:0:0:0:0:0:0:1 - - [19/Oct/2020:15:43:18 +0900] "GET /day2/domIMGTest.html HTTP/1.1" 200 596
0:0:0:0:0:0:0:1 - - [19/Oct/2020:15:43:18 +0900] "GET /images/mu2.jpg HTTP/1.1" 304 -
127.0.0.1 - - [19/Oct/2020:15:45:17 +0900] "GET / HTTP/1.1" 404 807
0:0:0:0:0:0:0:1 - - [19/Oct/2020:15:45:18 +0900] "GET /day2/domIMGTest.html HTTP/1.1" 304 -
127.0.0.1 - - [19/Oct/2020:15:46:19 +0900] "GET / HTTP/1.1" 404 807
0:0:0:0:0:0:0:1 - - [19/Oct/2020:15:46:20 +0900] "GET /day2/domIMGTest.html HTTP/1.1" 200 598
0:0:0:0:0:0:0:1 - - [19/Oct/2020:15:46:22 +0900] "GET /images/mu.jpg HTTP/1.1" 304 -
0:0:0:0:0:0:0:1 - - [19/Oct/2020:15:46:53 +0900] "GET /day2/domIMGTest.html HTTP/1.1" 200 596
0:0:0:0:0:0:0:1 - - [19/Oct/2020:15:47:14 +0900] "GET /day2/domIMGTest.html HTTP/1.1" 200 596
192.168.0.38 - - [19/Oct/2020:15:47:14 +0900] "GET /images/marilyn.jpg HTTP/1.1" 200 6707
0:0:0:0:0:0:0:1 - - [19/Oct/2020:15:48:16 +0900] "GET /day2/domIMGTest.html HTTP/1.1" 200 597
192.168.0.38 - - [19/Oct/2020:15:48:16 +0900] "GET /images/yen.jpg HTTP/1.1" 200 9048
0:0:0:0:0:0:0:1 - - [19/Oct/2020:15:48:16 +0900] "GET /images/marilyn.jpg HTTP/1.1" 304 -
0:0:0:0:0:0:0:1 - - [19/Oct/2020:15:51:36 +0900] "GET /day2/domIMGTest.html HTTP/1.1" 200 593
192.168.0.38 - - [19/Oct/2020:15:51:36 +0900] "GET /images/mu6.jpg HTTP/1.1" 404 825
0:0:0:0:0:0:0:1 - - [19/Oct/2020:15:51:36 +0900] "GET /images/mu5.jpg HTTP/1.1" 200 5801
0:0:0:0:0:0:0:1 - - [19/Oct/2020:15:52:04 +0900] "GET /day2/domIMGTest.html HTTP/1.1" 200 588
192.168.0.38 - - [19/Oct/2020:15:52:04 +0900] "GET /images/mu6.gifs HTTP/1.1" 404 826
0:0:0:0:0:0:0:1 - - [19/Oct/2020:15:52:04 +0900] "GET /images/mu5.jpg HTTP/1.1" 304 -
0:0:0:0:0:0:0:1 - - [19/Oct/2020:15:52:16 +0900] "GET /day2/domIMGTest.html HTTP/1.1" 200 587
192.168.0.38 - - [19/Oct/2020:15:52:17 +0900] "GET /images/mu6.gif HTTP/1.1" 200 6325767
0:0:0:0:0:0:0:1 - - [19/Oct/2020:15:52:17 +0900] "GET /images/mu5.jpg HTTP/1.1" 304 -
127.0.0.1 - - [19/Oct/2020:15:55:05 +0900] "GET / HTTP/1.1" 404 807
0:0:0:0:0:0:0:1 - - [19/Oct/2020:15:55:05 +0900] "GET /day2/domIMGTest.html HTTP/1.1" 200 753
192.168.0.38 - - [19/Oct/2020:15:55:05 +0900] "GET /images/mu6.gif HTTP/1.1" 304 -
0:0:0:0:0:0:0:1 - - [19/Oct/2020:15:55:05 +0900] "GET /images/mu4.jpg HTTP/1.1" 200 5421
0:0:0:0:0:0:0:1 - - [19/Oct/2020:15:55:45 +0900] "GET /day2/domIMGTest.html HTTP/1.1" 200 754
192.168.0.38 - - [19/Oct/2020:15:55:45 +0900] "GET /images/mu6.gif HTTP/1.1" 304 -
0:0:0:0:0:0:0:1 - - [19/Oct/2020:15:55:45 +0900] "GET /images/mu4.jpg HTTP/1.1" 304 -
0:0:0:0:0:0:0:1 - - [19/Oct/2020:16:08:52 +0900] "GET /day2/domIMGTest2.html HTTP/1.1" 200 842
192.168.0.38 - - [19/Oct/2020:16:08:52 +0900] "GET /images/mu6.gif HTTP/1.1" 200 6325767
0:0:0:0:0:0:0:1 - - [19/Oct/2020:16:08:52 +0900] "GET /images/mu4.jpg HTTP/1.1" 200 5421
0:0:0:0:0:0:0:1 - - [19/Oct/2020:16:09:23 +0900] "GET /day2/domIMGTest2.html HTTP/1.1" 200 843
0:0:0:0:0:0:0:1 - - [19/Oct/2020:16:13:33 +0900] "GET /day2/domIMGTest2.html HTTP/1.1" 200 1030
192.168.0.38 - - [19/Oct/2020:16:13:33 +0900] "GET /images/mu6.gif HTTP/1.1" 304 -
0:0:0:0:0:0:0:1 - - [19/Oct/2020:16:13:33 +0900] "GET /images/mu3.jpg HTTP/1.1" 200 71354
0:0:0:0:0:0:0:1 - - [19/Oct/2020:16:14:59 +0900] "GET /day2/domIMGTest2.html HTTP/1.1" 200 1042
0:0:0:0:0:0:0:1 - - [19/Oct/2020:16:49:16 +0900] "GET /day2/domTesthtml.html HTTP/1.1" 200 296
127.0.0.1 - - [19/Oct/2020:16:52:10 +0900] "GET / HTTP/1.1" 404 807
0:0:0:0:0:0:0:1 - - [19/Oct/2020:16:52:10 +0900] "GET /day2/domTesthtml.html HTTP/1.1" 200 518
0:0:0:0:0:0:0:1 - - [19/Oct/2020:16:53:43 +0900] "GET /day2/domTesthtml.html HTTP/1.1" 200 614
0:0:0:0:0:0:0:1 - - [19/Oct/2020:16:57:12 +0900] "GET /day2/domTesthtml.html HTTP/1.1" 200 729
0:0:0:0:0:0:0:1 - - [19/Oct/2020:16:58:19 +0900] "GET /day2/domTesthtml.html HTTP/1.1" 200 759
0:0:0:0:0:0:0:1 - - [19/Oct/2020:17:15:40 +0900] "GET /jquery/test.html HTTP/1.1" 200 490
0:0:0:0:0:0:0:1 - - [19/Oct/2020:17:16:10 +0900] "GET /jquery/test.html HTTP/1.1" 200 491
0:0:0:0:0:0:0:1 - - [19/Oct/2020:17:17:59 +0900] "GET /jquery/test.html HTTP/1.1" 200 492
127.0.0.1 - - [19/Oct/2020:17:49:05 +0900] "GET / HTTP/1.1" 404 807
0:0:0:0:0:0:0:1 - - [19/Oct/2020:17:49:06 +0900] "GET /day2/domTesthtml.html HTTP/1.1" 304 -
0:0:0:0:0:0:0:1 - - [19/Oct/2020:17:53:59 +0900] "GET /day2/guguDanprint.html HTTP/1.1" 200 506
0:0:0:0:0:0:0:1 - - [19/Oct/2020:17:54:06 +0900] "GET /day2/f_guguDan?txtStart=2&txtEnd=2 HTTP/1.1" 404 825
0:0:0:0:0:0:0:1 - - [19/Oct/2020:17:55:24 +0900] "GET /day2/guguDanprint.html HTTP/1.1" 200 552
0:0:0:0:0:0:0:1 - - [19/Oct/2020:18:02:03 +0900] "GET /day2/guguDanprint.html HTTP/1.1" 200 617
0:0:0:0:0:0:0:1 - - [19/Oct/2020:18:09:56 +0900] "GET /day2/guguDanprint.html HTTP/1.1" 200 904
0:0:0:0:0:0:0:1 - - [19/Oct/2020:18:10:47 +0900] "GET /day2/guguDanprint.html HTTP/1.1" 304 -
0:0:0:0:0:0:0:1 - - [19/Oct/2020:18:10:59 +0900] "GET /day2/guguDanprint.html?985 HTTP/1.1" 200 904
0:0:0:0:0:0:0:1 - - [19/Oct/2020:18:11:04 +0900] "GET /day2/guguDanprint.html?985 HTTP/1.1" 304 -
0:0:0:0:0:0:0:1 - - [19/Oct/2020:18:13:15 +0900] "GET /day2/guguDanprint.html HTTP/1.1" 200 950
0:0:0:0:0:0:0:1 - - [19/Oct/2020:18:13:40 +0900] "GET /day2/guguDanprint.html HTTP/1.1" 304 -
0:0:0:0:0:0:0:1 - - [19/Oct/2020:18:13:45 +0900] "GET /day2/guguDanprint.html?654 HTTP/1.1" 200 950
0:0:0:0:0:0:0:1 - - [19/Oct/2020:18:16:19 +0900] "GET /day2/guguDanprint.html HTTP/1.1" 200 979
0:0:0:0:0:0:0:1 - - [19/Oct/2020:18:16:27 +0900] "GET /day2/guguDanprint.html?654 HTTP/1.1" 200 979
0:0:0:0:0:0:0:1 - - [19/Oct/2020:18:18:11 +0900] "GET /day2/guguDanprint.html HTTP/1.1" 200 1015
0:0:0:0:0:0:0:1 - - [19/Oct/2020:18:19:04 +0900] "GET /day2/guguDanprint.html HTTP/1.1" 200 1027
127.0.0.1 - - [19/Oct/2020:18:20:55 +0900] "GET / HTTP/1.1" 404 807
0:0:0:0:0:0:0:1 - - [19/Oct/2020:18:20:55 +0900] "GET /day2/guguDanprint2.html HTTP/1.1" 200 1040
0:0:0:0:0:0:0:1 - - [19/Oct/2020:18:25:04 +0900] "GET /day2/guguDanprint2.html HTTP/1.1" 200 1057
0:0:0:0:0:0:0:1 - - [19/Oct/2020:18:25:06 +0900] "GET /day2/guguDanprint2.html?txtStart=2&txtEnd=2 HTTP/1.1" 200 1057
0:0:0:0:0:0:0:1 - - [19/Oct/2020:18:25:08 +0900] "GET /day2/guguDanprint2.html?txtStart=2&txtEnd=2 HTTP/1.1" 304 -
0:0:0:0:0:0:0:1 - - [19/Oct/2020:18:26:10 +0900] "GET /day2/guguDanprint2.html HTTP/1.1" 200 1049
0:0:0:0:0:0:0:1 - - [19/Oct/2020:18:26:28 +0900] "GET /day2/guguDanprint2.html HTTP/1.1" 200 1034
0:0:0:0:0:0:0:1 - - [19/Oct/2020:18:28:06 +0900] "GET /day2/guguDanprint2.html HTTP/1.1" 200 1192
127.0.0.1 - - [19/Oct/2020:18:28:47 +0900] "GET / HTTP/1.1" 404 807
0:0:0:0:0:0:0:1 - - [19/Oct/2020:18:28:47 +0900] "GET /day2/guguDanprint2.html HTTP/1.1" 200 1198
0:0:0:0:0:0:0:1 - - [19/Oct/2020:18:29:59 +0900] "GET /day2/guguDanprint2.html HTTP/1.1" 200 1335
127.0.0.1 - - [19/Oct/2020:19:14:01 +0900] "GET / HTTP/1.1" 404 807
0:0:0:0:0:0:0:1 - - [19/Oct/2020:19:14:01 +0900] "GET /day2/guguDanprint2.html HTTP/1.1" 200 1335
0:0:0:0:0:0:0:1 - - [19/Oct/2020:19:16:40 +0900] "GET /day2/guguDanprint2.html HTTP/1.1" 200 1391
0:0:0:0:0:0:0:1 - - [19/Oct/2020:19:25:46 +0900] "GET /day2/guguDanprint2.html HTTP/1.1" 200 1397
127.0.0.1 - - [19/Oct/2020:19:34:39 +0900] "GET / HTTP/1.1" 404 807
0:0:0:0:0:0:0:1 - - [19/Oct/2020:19:34:40 +0900] "GET /day2/guguDanprint2.html HTTP/1.1" 200 1399
0:0:0:0:0:0:0:1 - - [19/Oct/2020:19:35:15 +0900] "GET /day2/guguDanprint2.html HTTP/1.1" 200 1417
0:0:0:0:0:0:0:1 - - [19/Oct/2020:19:36:20 +0900] "GET /day2/guguDanprint2.html HTTP/1.1" 200 1412
0:0:0:0:0:0:0:1 - - [19/Oct/2020:19:37:23 +0900] "GET /day2/guguDanprint2.html HTTP/1.1" 200 1418
0:0:0:0:0:0:0:1 - - [19/Oct/2020:20:00:36 +0900] "GET /day2/guguDanprint2.html HTTP/1.1" 200 1415
0:0:0:0:0:0:0:1 - - [19/Oct/2020:20:01:10 +0900] "GET /day2/guguDanprint2.html HTTP/1.1" 200 1446
0:0:0:0:0:0:0:1 - - [19/Oct/2020:20:01:35 +0900] "GET /day2/guguDanprint2.html HTTP/1.1" 200 1446
0:0:0:0:0:0:0:1 - - [19/Oct/2020:20:02:41 +0900] "GET /day2/guguDanprint2.html HTTP/1.1" 200 1478
0:0:0:0:0:0:0:1 - - [19/Oct/2020:20:03:19 +0900] "GET /day2/guguDanprint2.html HTTP/1.1" 200 1478
0:0:0:0:0:0:0:1 - - [19/Oct/2020:20:04:36 +0900] "GET /day2/guguDanprint2.html HTTP/1.1" 200 1468
0:0:0:0:0:0:0:1 - - [19/Oct/2020:20:04:57 +0900] "GET /day2/guguDanprint2.html HTTP/1.1" 200 1475
0:0:0:0:0:0:0:1 - - [19/Oct/2020:20:05:01 +0900] "GET /day2/guguDanprint2.html?txtStart=2&txtEnd=5 HTTP/1.1" 200 1475
0:0:0:0:0:0:0:1 - - [19/Oct/2020:20:05:03 +0900] "GET /day2/guguDanprint2.html?txtStart=2&txtEnd=5 HTTP/1.1" 304 -
0:0:0:0:0:0:0:1 - - [19/Oct/2020:20:05:14 +0900] "GET /day2/guguDanprint2.html?txtStart=2&txtEnd=5 HTTP/1.1" 200 1478
0:0:0:0:0:0:0:1 - - [19/Oct/2020:20:05:33 +0900] "GET /day2/guguDanprint2.html HTTP/1.1" 200 1478
0:0:0:0:0:0:0:1 - - [19/Oct/2020:20:05:37 +0900] "GET /day2/guguDanprint2.html HTTP/1.1" 304 -
0:0:0:0:0:0:0:1 - - [19/Oct/2020:20:06:38 +0900] "GET /day2/guguDanprint2.html HTTP/1.1" 200 1478
0:0:0:0:0:0:0:1 - - [19/Oct/2020:20:06:44 +0900] "GET /day2/guguDanprint2.html HTTP/1.1" 304 -
0:0:0:0:0:0:0:1 - - [19/Oct/2020:20:07:07 +0900] "GET /day2/guguDanprint2.html HTTP/1.1" 200 1478
0:0:0:0:0:0:0:1 - - [19/Oct/2020:20:07:17 +0900] "GET /day2/guguDanprint2.html HTTP/1.1" 304 -
0:0:0:0:0:0:0:1 - - [19/Oct/2020:20:08:20 +0900] "GET /day2/guguDanprint2.html HTTP/1.1" 200 1484
0:0:0:0:0:0:0:1 - - [19/Oct/2020:20:08:29 +0900] "GET /day2/guguDanprint2.html HTTP/1.1" 200 1487
0:0:0:0:0:0:0:1 - - [19/Oct/2020:20:08:33 +0900] "GET /day2/guguDanprint2.html?123 HTTP/1.1" 200 1487
0:0:0:0:0:0:0:1 - - [19/Oct/2020:20:08:59 +0900] "GET /day2/guguDanprint2.html?1756 HTTP/1.1" 200 1489
0:0:0:0:0:0:0:1 - - [19/Oct/2020:20:09:11 +0900] "GET /day2/guguDanprint2.html?1756 HTTP/1.1" 200 1486
0:0:0:0:0:0:0:1 - - [19/Oct/2020:20:09:14 +0900] "GET /day2/guguDanprint2.html?17565 HTTP/1.1" 200 1486
0:0:0:0:0:0:0:1 - - [19/Oct/2020:20:15:15 +0900] "GET /day2/guguDanprint2.html HTTP/1.1" 200 1478
0:0:0:0:0:0:0:1 - - [19/Oct/2020:20:18:17 +0900] "GET /day2/guguDanprint2.html HTTP/1.1" 200 1552
0:0:0:0:0:0:0:1 - - [19/Oct/2020:20:18:19 +0900] "GET /day2/guguDanprint2.html?txtStart=2&txtEnd=5 HTTP/1.1" 200 1552
0:0:0:0:0:0:0:1 - - [19/Oct/2020:20:18:30 +0900] "GET /day2/guguDanprint2.html HTTP/1.1" 200 1554
0:0:0:0:0:0:0:1 - - [19/Oct/2020:20:22:34 +0900] "GET /day2/guguDanprint2.html HTTP/1.1" 200 1510
0:0:0:0:0:0:0:1 - - [19/Oct/2020:20:22:39 +0900] "GET /day2/guguDanprint2.html?txtStart=2&txtEnd=5 HTTP/1.1" 200 1510
0:0:0:0:0:0:0:1 - - [19/Oct/2020:20:22:58 +0900] "GET /day2/guguDanprint2.html HTTP/1.1" 200 1507
0:0:0:0:0:0:0:1 - - [19/Oct/2020:20:23:09 +0900] "GET /day2/guguDanprint2.html HTTP/1.1" 200 1513
0:0:0:0:0:0:0:1 - - [19/Oct/2020:20:23:44 +0900] "GET /day2/guguDanprint2.html HTTP/1.1" 200 1511
0:0:0:0:0:0:0:1 - - [19/Oct/2020:20:23:46 +0900] "GET /day2/guguDanprint2.html?txtStart=2&txtEnd=5 HTTP/1.1" 200 1511
0:0:0:0:0:0:0:1 - - [19/Oct/2020:20:32:04 +0900] "GET /day2/guguDanprint2.html HTTP/1.1" 200 1212
0:0:0:0:0:0:0:1 - - [19/Oct/2020:20:32:32 +0900] "GET /day2/guguDanprint2.html HTTP/1.1" 200 1227
0:0:0:0:0:0:0:1 - - [19/Oct/2020:20:35:21 +0900] "GET /day2/guguDanprint2.html HTTP/1.1" 200 1276
0:0:0:0:0:0:0:1 - - [19/Oct/2020:20:35:23 +0900] "GET /day2/guguDanprint2.html?txtStart=2&txtEnd= HTTP/1.1" 200 1276
0:0:0:0:0:0:0:1 - - [19/Oct/2020:20:35:25 +0900] "GET /day2/guguDanprint2.html?txtStart=2&txtEnd=2 HTTP/1.1" 200 1276
0:0:0:0:0:0:0:1 - - [19/Oct/2020:20:35:51 +0900] "GET /day2/guguDanprint2.html HTTP/1.1" 200 1273
0:0:0:0:0:0:0:1 - - [19/Oct/2020:20:35:53 +0900] "GET /day2/guguDanprint2.html?txtStart=2&txtEnd= HTTP/1.1" 200 1273
0:0:0:0:0:0:0:1 - - [19/Oct/2020:20:35:54 +0900] "GET /day2/guguDanprint2.html?txtStart=2&txtEnd=2 HTTP/1.1" 200 1273
0:0:0:0:0:0:0:1 - - [19/Oct/2020:20:36:05 +0900] "GET /day2/guguDanprint2.html HTTP/1.1" 200 1276
0:0:0:0:0:0:0:1 - - [19/Oct/2020:20:38:20 +0900] "GET /day2/guguDanprint2.html HTTP/1.1" 200 1276
0:0:0:0:0:0:0:1 - - [19/Oct/2020:20:39:11 +0900] "GET /day2/guguDanprint2.html HTTP/1.1" 200 1254
0:0:0:0:0:0:0:1 - - [19/Oct/2020:20:39:13 +0900] "GET /day2/guguDanprint2.html?txtStart=2&txtEnd=5 HTTP/1.1" 200 1254
0:0:0:0:0:0:0:1 - - [19/Oct/2020:20:42:43 +0900] "GET /day2/guguDanprint2.html HTTP/1.1" 200 1027
0:0:0:0:0:0:0:1 - - [19/Oct/2020:20:44:06 +0900] "GET /day2/guguDanprint2.html HTTP/1.1" 200 1034
0:0:0:0:0:0:0:1 - - [19/Oct/2020:20:45:06 +0900] "GET /day2/guguDanprint2.html HTTP/1.1" 200 1040
0:0:0:0:0:0:0:1 - - [19/Oct/2020:20:45:51 +0900] "GET /day2/guguDanprint2.html HTTP/1.1" 200 1036
127.0.0.1 - - [19/Oct/2020:20:46:41 +0900] "GET / HTTP/1.1" 404 807
0:0:0:0:0:0:0:1 - - [19/Oct/2020:20:46:41 +0900] "GET /day2/guguDanprint2.html HTTP/1.1" 200 1040
0:0:0:0:0:0:0:1 - - [19/Oct/2020:20:47:41 +0900] "GET /day2/guguDanprint2.html HTTP/1.1" 200 1061
0:0:0:0:0:0:0:1 - - [19/Oct/2020:20:48:12 +0900] "GET /day2/guguDanprint2.html HTTP/1.1" 200 1055
0:0:0:0:0:0:0:1 - - [19/Oct/2020:20:49:18 +0900] "GET /day2/guguDanprint2.html HTTP/1.1" 200 1156
0:0:0:0:0:0:0:1 - - [19/Oct/2020:20:50:42 +0900] "GET /day2/guguDanprint2.html HTTP/1.1" 200 1198
0:0:0:0:0:0:0:1 - - [19/Oct/2020:20:50:43 +0900] "GET /day2/guguDanprint2.html?txtStart=3&txtEnd=5 HTTP/1.1" 200 1198
0:0:0:0:0:0:0:1 - - [19/Oct/2020:20:51:10 +0900] "GET /day2/guguDanprint2.html HTTP/1.1" 200 1225
